// Jest Snapshot v1, https://goo.gl/fbAQLP

exports[`Atoms.vue should have correct starting data 1`] = `
Object {
  "atomsNumber": 0,
  "incrementValue": 1,
  "keyStrokeUnlocked": false,
  "proteinsNumber": 0,
  "tenthClick": 0,
  "tenthClickActivated": false,
  "tenthKeyStroke": 0,
  "tenthKeyStrokeActivated": false,
  "upgrades": Array [
    Object {
      "action": "unlockKeyStroke",
      "proteinsNeeded": 1,
      "text": "Allow to use \\"A\\" to generate half Atoms",
    },
    Object {
      "action": "doubleIncrement",
      "proteinsNeeded": 3,
      "text": "Double Atoms per click",
    },
    Object {
      "action": "activateTenthClick",
      "proteinsNeeded": 6,
      "text": "Gain 1 click per 10 clicks",
    },
    Object {
      "action": "activateTenthKeyStroke",
      "proteinsNeeded": 10,
      "text": "Gain 1 keystroke per 10 keystroke",
    },
    Object {
      "action": "doubleIncrement",
      "proteinsNeeded": 15,
      "text": "Double Atoms per click",
    },
    Object {
      "action": "doubleIncrement",
      "proteinsNeeded": 21,
      "text": "Double Atoms per click",
    },
    Object {
      "action": "doubleIncrement",
      "proteinsNeeded": 28,
      "text": "Double Atoms per click",
    },
    Object {
      "action": "doubleIncrement",
      "proteinsNeeded": 36,
      "text": "Double Atoms per click",
    },
  ],
  "upgradesBought": Array [],
}
`;

exports[`Atoms.vue should render correct contents 1`] = `
<div>
  <div
    class="flex-row space-between"
  >
    <div
      class="upgrades-bought"
    />
     
    <div
      class="atom-container"
    >
      <h2>
        <span>
          0 Atoms
        </span>
      </h2>
       
      <!---->
       
      <!---->
       
      <h2>
        <!---->
      </h2>
       
      <div>
        <div>
          Atom per Click : 1
        </div>
         
        <div>
          <button
            type="button"
          >
            
            Add 1
            
            <span
              class=""
            >
              A
            </span>
            tom
          
          </button>
        </div>
         
        <div>
          <div>
            <!---->
          </div>
          <div>
            <!---->
          </div>
          <div>
            <!---->
          </div>
          <div>
            <!---->
          </div>
          <div>
            <!---->
          </div>
          <div>
            <!---->
          </div>
          <div>
            <!---->
          </div>
          <div>
            <!---->
          </div>
        </div>
      </div>
    </div>
  </div>
</div>
`;
