// Jest Snapshot v1, https://goo.gl/fbAQLP

exports[`Atoms.vue should have correct starting data 1`] = `
Object {
  "atomsNumber": 0,
  "clicksNumber": 0,
  "incrementValue": 1,
  "proteinsNumber": 0,
  "timer": 0,
  "upgrades": Array [
    Object {
      "action": "doubleIncrement",
      "proteinsNeeded": 1,
      "text": "Add Increment 1",
    },
    Object {
      "action": "addIncrementPer10",
      "proteinsNeeded": 50,
      "text": "Add 1 atom per 10 atoms",
    },
  ],
}
`;

exports[`Atoms.vue should render correct contents 1`] = `
VueWrapper {
  "_emitted": Object {},
  "_emittedByOrder": Array [],
  "isFunctionalComponent": undefined,
}
`;
