// Jest Snapshot v1, https://goo.gl/fbAQLP

exports[`Debug.vue should have correct starting data 1`] = `
Object {
  "eraNumber": 1,
  "timer": 0,
}
`;

exports[`Debug.vue should render correct contents 1`] = `
<div
  class="debug"
>
  <button>
    Reset
  </button>
   
  <p>
    Clicks : 0
  </p>
   
  <p>
    Key Strokes : 0
  </p>
   
  <p>
    Timer : 0
  </p>
</div>
`;
