// Jest Snapshot v1, https://goo.gl/fbAQLP

exports[`Global.vue should have correct starting data 1`] = `
Object {
  "clicks": 0,
  "era": 1,
  "keyStrokes": 0,
  "keyStrokesAllowed": Array [],
}
`;

exports[`Global.vue should render correct contents 1`] = `
VueWrapper {
  "_emitted": Object {},
  "_emittedByOrder": Array [],
  "isFunctionalComponent": undefined,
}
`;
