// Jest Snapshot v1, https://goo.gl/fbAQLP

exports[`Goal.vue should have correct starting data 1`] = `
Object {
  "atomCeiling": 210,
}
`;

exports[`Goal.vue should render correct contents 1`] = `
<div
  class="goal"
>
  <h2>
    How to play :
  </h2>
   
  <div>
    <h3>
      Error - Era
    </h3>
     
    <p>
      Someone messed up big
    </p>
  </div>
   
  <!---->
   
  <!---->
</div>
`;
